// Jest Snapshot v1, https://goo.gl/fbAQLP

exports[`Testing the Homepage Home is rendered 1`] = `
<section
  className="container flex-column"
>
  <h2>
    Welcome to our page!
  </h2>
  <p>
    Lorem ipsum dolor sit amet, consectetur adipiscing elit, sed do eiusmod tempor incididunt ut labore et dolore magna aliqua. Ut enim ad minim veniam, quis nostrud exercitation ullamco laboris nisi ut aliquip ex ea commodo consequat. Duis aute irure dolor in reprehenderit in voluptate velit esse cillum dolore eu fugiat nulla pariatur. Excepteur sint occaecat cupidatat non proident, sunt in culpa qui officia deserunt mollit anim id est laborum.
    <p>
      Lorem ipsum dolor sit amet, consectetur adipiscing elit, sed do eiusmod tempor incididunt ut labore et dolore magna aliqua. Ut enim ad minim veniam, quis nostrud exercitation ullamco laboris nisi ut aliquip ex ea commodo consequat. Duis aute irure dolor in reprehenderit in voluptate velit esse cillum dolore eu fugiat nulla pariatur. Excepteur sint occaecat.
    </p>
  </p>
</section>
`;

exports[`Testing the calculator Calculator is rendered 1`] = `
<section
  className="calc-section"
>
  <h1
    className="intro"
  >
    Lets do some Math
  </h1>
  <div
    className="calc"
  >
    <input
      className="calc-input"
      disabled={true}
      placeholder={0}
      type="text"
      value="0"
    />
    <div
      className="btn-contain"
    >
      <div
        className="btn-div"
      >
        <button
          className="btn"
          onClick={[Function]}
          type="button"
        >
          AC
        </button>
      </div>
      <div
        className="btn-div"
      >
        <button
          className="btn"
          onClick={[Function]}
          type="button"
        >
          +/-
        </button>
      </div>
      <div
        className="btn-div"
      >
        <button
          className="btn"
          onClick={[Function]}
          type="button"
        >
          %
        </button>
      </div>
      <div
        className="btn-div"
      >
        <button
          className="btn"
          onClick={[Function]}
          type="button"
        >
          รท
        </button>
      </div>
      <div
        className="btn-div"
      >
        <button
          className="btn"
          onClick={[Function]}
          type="button"
        >
          7
        </button>
      </div>
      <div
        className="btn-div"
      >
        <button
          className="btn"
          onClick={[Function]}
          type="button"
        >
          8
        </button>
      </div>
      <div
        className="btn-div"
      >
        <button
          className="btn"
          onClick={[Function]}
          type="button"
        >
          9
        </button>
      </div>
      <div
        className="btn-div"
      >
        <button
          className="btn"
          onClick={[Function]}
          type="button"
        >
          x
        </button>
      </div>
      <div
        className="btn-div"
      >
        <button
          className="btn"
          onClick={[Function]}
          type="button"
        >
          4
        </button>
      </div>
      <div
        className="btn-div"
      >
        <button
          className="btn"
          onClick={[Function]}
          type="button"
        >
          5
        </button>
      </div>
      <div
        className="btn-div"
      >
        <button
          className="btn"
          onClick={[Function]}
          type="button"
        >
          6
        </button>
      </div>
      <div
        className="btn-div"
      >
        <button
          className="btn"
          onClick={[Function]}
          type="button"
        >
          -
        </button>
      </div>
      <div
        className="btn-div"
      >
        <button
          className="btn"
          onClick={[Function]}
          type="button"
        >
          1
        </button>
      </div>
      <div
        className="btn-div"
      >
        <button
          className="btn"
          onClick={[Function]}
          type="button"
        >
          2
        </button>
      </div>
      <div
        className="btn-div"
      >
        <button
          className="btn"
          onClick={[Function]}
          type="button"
        >
          3
        </button>
      </div>
      <div
        className="btn-div"
      >
        <button
          className="btn"
          onClick={[Function]}
          type="button"
        >
          +
        </button>
      </div>
      <div
        className="btn-div"
      >
        <button
          className="btn"
          onClick={[Function]}
          type="button"
        >
          0
        </button>
      </div>
      <div
        className="btn-div"
      >
        <button
          className="btn"
          onClick={[Function]}
          type="button"
        >
          .
        </button>
      </div>
      <div
        className="btn-div"
      >
        <button
          className="btn"
          onClick={[Function]}
          type="button"
        >
          =
        </button>
      </div>
    </div>
  </div>
</section>
`;
